
> vistavoyage@0.0.0 test:selenium
> mocha selenium_tests/*.js Check the output of the Selenium tests.

node.exe : [33mWarning: 
Cannot find any files 
matching pattern "Check"[39m
At line:1 char:1
+ & "C:\Program 
Files\nodejs/node.exe" 
"C:\Program 
Files\nodejs/node_mo ...
+ ~~~~~~~~~~~~~~~~~~~~~~~~~~~
~~~~~~~~~~~~~~~~~~~~~~~~~~~~~
~~~~~~~~~~~~~
    + CategoryInfo           
   : NotSpecified: ([33mWa  
  rning: C...rn "Check"[3   
 9m:String) [], RemoteExc    
eption
    + FullyQualifiedErrorId  
   : NativeCommandError
 
[33mWarning: Cannot find 
any files matching pattern 
"the"[39m
[33mWarning: Cannot find 
any files matching pattern 
"output"[39m
[33mWarning: Cannot find 
any files matching pattern 
"of"[39m
[33mWarning: Cannot find 
any files matching pattern 
"Selenium"[39m
[33mWarning: Cannot find 
any files matching pattern 
"tests."[39m


  VistaVoyage Full User Experience
    1) should register a new user successfully
    2) should be able to logout and login again
    3) should navigate through dashboard features
    4) should check Travel Vault

  VistaVoyage Login Page
    Γ£ö should load the login page and check the title (1889ms)
    Γ£ö should show error for invalid login (1610ms)

  VistaVoyage Registration Page
    Γ£ö should load the registration page (2620ms)
    5) should show error for password mismatch


  3 passing (30s)
  5 failing

  1) VistaVoyage Full User Experience
       should register a new user successfully:
     ElementClickInterceptedError: element click intercepted: Element is not clickable at point (510, 747)
  (Session info: chrome=145.0.7632.117)
      at Object.throwDecodedError (node_modules\selenium-webdriver\lib\error.js:523:15)
      at parseHttpResponse (node_modules\selenium-webdriver\lib\http.js:526:13)
      at Executor.execute (node_modules\selenium-webdriver\lib\http.js:458:28)
      at process.processTicksAndRejections (node:internal/process/task_queues:103:5)
      at async Driver.execute (node_modules\selenium-webdriver\lib\webdriver.js:745:17)
      at async Context.<anonymous> (file:///C:/Users/josep/OneDrive/Documents/GitHub/VistaVoyage/selenium_tests/test_full_experience.js:42:9)

  2) VistaVoyage Full User Experience
       should be able to logout and login again:
     TimeoutError: Waiting for element to be located By(css selector, .btn-icon)
Wait timed out after 10178ms
      at C:\Users\josep\OneDrive\Documents\GitHub\VistaVoyage\node_modules\selenium-webdriver\lib\webdriver.js:929:22
      at process.processTicksAndRejections (node:internal/process/task_queues:103:5)

  3) VistaVoyage Full User Experience
       should navigate through dashboard features:
     NoSuchElementError: no such element: Unable to locate element: {"method":"link text","selector":"Packages"}
  (Session info: chrome=145.0.7632.117)
      at Object.throwDecodedError (node_modules\selenium-webdriver\lib\error.js:523:15)
      at parseHttpResponse (node_modules\selenium-webdriver\lib\http.js:526:13)
      at Executor.execute (node_modules\selenium-webdriver\lib\http.js:458:28)
      at process.processTicksAndRejections (node:internal/process/task_queues:103:5)
      at async Driver.execute (node_modules\selenium-webdriver\lib\webdriver.js:745:17)
      at async Context.<anonymous> (file:///C:/Users/josep/OneDrive/Documents/GitHub/VistaVoyage/selenium_tests/test_full_experience.js:74:30)

  4) VistaVoyage Full User Experience
       should check Travel Vault:
     AssertionError: expected 'vista\nvoyage\nhome\nexplore\npackageΓÇª' to include 'vault'
      at Context.<anonymous> (file:///C:/Users/josep/OneDrive/Documents/GitHub/VistaVoyage/selenium_tests/test_full_experience.js:100:44)
      at process.processTicksAndRejections (node:internal/process/task_queues:103:5)

  5) VistaVoyage Registration Page
       should show error for password mismatch:
     ElementClickInterceptedError: element click intercepted: Element is not clickable at point (510, 858)
  (Session info: chrome=145.0.7632.117)
      at Object.throwDecodedError (node_modules\selenium-webdriver\lib\error.js:523:15)
      at parseHttpResponse (node_modules\selenium-webdriver\lib\http.js:526:13)
      at Executor.execute (node_modules\selenium-webdriver\lib\http.js:458:28)
      at process.processTicksAndRejections (node:internal/process/task_queues:103:5)
      at async Driver.execute (node_modules\selenium-webdriver\lib\webdriver.js:745:17)
      at async Context.<anonymous> (file:///C:/Users/josep/OneDrive/Documents/GitHub/VistaVoyage/selenium_tests/test_register.js:39:9)



